
[2025-08-30T17:55:12.127Z] Inicio login: {"email":"manuel.casanova.ucv@gmail.com","password":"123456"}
[2025-08-30T17:55:12.785Z] Usuario encontrado: {"id":8,"email":"manuel.casanova.ucv@gmail.com"}
[2025-08-30T17:55:12.926Z] Password match: true
[2025-08-30T17:55:12.926Z] Token generado: "eyJhbGciOiJIUzI1NiIsInR5cCI6IkpXVCJ9.eyJpZCI6OCwiaWF0IjoxNzU2NTc2NTEyLCJleHAiOjE3NTY2NjI5MTJ9.8-xXZ-kQ-xrfp5cIKAITD2QfLCFwQtKo7M8CMB4VDIY"
[2025-08-30T17:55:12.926Z] Cookie enviada: {"userId":8}
[2025-08-30T17:55:12.926Z] Respuesta enviada: {"userId":8}
[2025-08-30T19:30:36.235Z] Inicio login: {"email":"manuel.casanova.ucv@gmail.com","password":"123456"}
[2025-08-30T19:30:36.814Z] Usuario encontrado: {"id":8,"email":"manuel.casanova.ucv@gmail.com"}
[2025-08-30T19:30:36.926Z] Password match: true
[2025-08-30T19:30:36.942Z] Token generado: "eyJhbGciOiJIUzI1NiIsInR5cCI6IkpXVCJ9.eyJpZCI6OCwiaWF0IjoxNzU2NTgyMjM2LCJleHAiOjE3NTY2Njg2MzZ9.jBnQsLsFSK4MKzz7a02wMwDqaSsFGTlf9GWOquxgvWw"
[2025-08-30T19:30:36.942Z] Cookie enviada: {"userId":8}
[2025-08-30T19:30:36.942Z] Respuesta enviada: {"userId":8}
[2025-08-31T00:50:35.004Z] Inicio login: {"email":"twiggyucv@hotmail.com","password":"123456"}
[2025-08-31T00:57:04.190Z] Inicio login: {"email":"twiggyucv@hotmail.com","password":"123456"}
[2025-08-31T00:57:04.743Z] Usuario encontrado: {"id":7,"email":"twiggyucv@hotmail.com"}
[2025-08-31T00:57:04.936Z] Password match: true
[2025-08-31T00:57:04.945Z] Token generado: "eyJhbGciOiJIUzI1NiIsInR5cCI6IkpXVCJ9.eyJpZCI6NywiaWF0IjoxNzU2NjAxODI0LCJleHAiOjE3NTY2ODgyMjR9.uWeEpWHz41BNK63InElNyfPbBQBoqMrJNHYRG1T1e_w"
[2025-08-31T00:57:04.950Z] Cookie enviada: {"userId":7}
[2025-08-31T00:57:04.953Z] Respuesta enviada: {"userId":7}
[2025-08-31T01:43:04.478Z] Inicio login: {"email":"twiggyucv@hotmail.com","password":"123456"}
[2025-08-31T01:43:05.057Z] Usuario encontrado: {"id":7,"email":"twiggyucv@hotmail.com"}
[2025-08-31T01:43:05.195Z] Password match: true
[2025-08-31T01:43:05.204Z] Token generado: "eyJhbGciOiJIUzI1NiIsInR5cCI6IkpXVCJ9.eyJpZCI6NywiaWF0IjoxNzU2NjA0NTg1LCJleHAiOjE3NTY2OTA5ODV9.QN6Qf3Td0pefddgRuL3B72XX3ZT445Cl-WyzU4-sapw"
[2025-08-31T01:43:05.205Z] Cookie enviada: {"userId":7}
[2025-08-31T01:43:05.206Z] Respuesta enviada: {"userId":7}
[2025-09-02T16:49:57.160Z] Inicio login: {"email":"cmanuelcasanova@gmail.com","password":"123456"}
[2025-09-02T16:50:05.904Z] Inicio login: {"email":"cmanuelcasanova@gmail.com","password":"123456"}
[2025-09-02T16:50:05.993Z] Usuario encontrado: {"id":5,"email":"cmanuelcasanova@gmail.com"}
[2025-09-02T16:50:06.128Z] Password match: true
[2025-09-02T16:50:06.133Z] Token generado: "eyJhbGciOiJIUzI1NiIsInR5cCI6IkpXVCJ9.eyJpZCI6NSwiaWF0IjoxNzU2ODMxODA2LCJleHAiOjE3NTY5MTgyMDZ9.zA0mdM7KPrTfIc5844DYWG5z05UTAp1IprGE_GuHg5I"
[2025-09-02T16:50:06.133Z] Cookie enviada: {"userId":5}
[2025-09-02T16:50:06.138Z] Respuesta enviada: {"userId":5}
[2025-09-02T17:54:53.587Z] Inicio login: {"email":"cmanuelcasanova@gmail.com","password":"123456"}
[2025-09-02T17:55:03.872Z] Inicio login: {"email":"cmanuelcasanova@gmail.com","password":"123456"}
[2025-09-02T17:55:03.961Z] Usuario encontrado: {"id":5,"email":"cmanuelcasanova@gmail.com"}
[2025-09-02T17:55:04.102Z] Password match: true
[2025-09-02T17:55:04.113Z] Token generado: "eyJhbGciOiJIUzI1NiIsInR5cCI6IkpXVCJ9.eyJpZCI6NSwiaWF0IjoxNzU2ODM1NzA0LCJleHAiOjE3NTY5MjIxMDR9.1VUbqDRU0c2PC__6hVQidwv6X1RfRuKQv7bzdzM1qnM"
[2025-09-02T17:55:04.114Z] Cookie enviada: {"userId":5}
[2025-09-02T17:55:04.118Z] Respuesta enviada: {"userId":5}
[2025-09-02T18:40:04.271Z] Inicio login: {"email":"cmanuelcasanova@gmail.com","password":"123456"}
[2025-09-02T18:40:04.908Z] Usuario encontrado: {"id":5,"email":"cmanuelcasanova@gmail.com"}
[2025-09-02T18:40:05.051Z] Password match: true
[2025-09-02T18:40:05.073Z] Token generado: "eyJhbGciOiJIUzI1NiIsInR5cCI6IkpXVCJ9.eyJpZCI6NSwiaWF0IjoxNzU2ODM4NDA1LCJleHAiOjE3NTY5MjQ4MDV9.7Ugw29V-w76L_cBWncm3U5CyHc9josD8zl9KD3CO8YM"
[2025-09-02T18:40:05.074Z] Cookie enviada: {"userId":5}
[2025-09-02T18:40:05.076Z] Respuesta enviada: {"userId":5}
[2025-09-03T19:00:46.763Z] Inicio login: {"email":"cmanuelcasanova@gmail.com","password":"123456"}
[2025-09-03T19:01:11.577Z] Inicio login: {"email":"cmanuelcasanova@gmail.com","password":"123456"}
[2025-09-03T19:01:12.250Z] Usuario encontrado: "No encontrado"
[2025-09-03T19:01:20.280Z] Inicio login: {"email":"cmanuelcasanova@gmail.com","password":"123456"}
[2025-09-03T19:01:20.370Z] Usuario encontrado: "No encontrado"
[2025-09-03T19:03:13.777Z] Inicio login: {"email":"cmanuelcasanova@gmail.com","password":"123456"}
[2025-09-03T19:03:14.250Z] Usuario encontrado: {"id":1,"email":"cmanuelcasanova@gmail.com"}
[2025-09-03T19:03:14.372Z] Password match: true
[2025-09-03T19:03:14.383Z] Token generado: "eyJhbGciOiJIUzI1NiIsInR5cCI6IkpXVCJ9.eyJpZCI6MSwiaWF0IjoxNzU2OTI2MTk0LCJleHAiOjE3NTcwMTI1OTR9.v0s1HRr7ls5IZIOLDul-dmgQR104API6Ueyd_XDgo7c"
[2025-09-03T19:03:14.385Z] Cookie enviada: {"userId":1}
[2025-09-03T19:03:14.387Z] Respuesta enviada: {"userId":1}
[2025-09-03T20:18:27.832Z] Inicio login: {"email":"twiggyucv@hotmail.com","password":"123456"}
[2025-09-03T20:18:27.932Z] Usuario encontrado: {"id":2,"email":"twiggyucv@hotmail.com"}
[2025-09-03T20:18:28.098Z] Password match: true
[2025-09-03T20:18:28.142Z] Token generado: "eyJhbGciOiJIUzI1NiIsInR5cCI6IkpXVCJ9.eyJpZCI6MiwiaWF0IjoxNzU2OTMwNzA4LCJleHAiOjE3NTcwMTcxMDh9.s57nrGRwb7YAX62V7zqkjIbreKaBG98vp37WHXcLhhk"
[2025-09-03T20:18:28.146Z] Cookie enviada: {"userId":2}
[2025-09-03T20:18:28.147Z] Respuesta enviada: {"userId":2}
[2025-09-03T22:41:24.051Z] Inicio login: {"email":"twiggyucv@hotmail.com","password":"123456"}
[2025-09-03T22:41:24.195Z] Usuario encontrado: {"id":2,"email":"twiggyucv@hotmail.com"}
[2025-09-03T22:41:24.384Z] Password match: true
[2025-09-03T22:41:24.426Z] Token generado: "eyJhbGciOiJIUzI1NiIsInR5cCI6IkpXVCJ9.eyJpZCI6MiwiaWF0IjoxNzU2OTM5Mjg0LCJleHAiOjE3NTcwMjU2ODR9.oYROj9GBlTqLTaPKj1YSYNqsruRhdbQuNbYDhItPihY"
[2025-09-03T22:41:24.429Z] Cookie enviada: {"userId":2}
[2025-09-03T22:41:24.430Z] Respuesta enviada: {"userId":2}
[2025-09-03T23:27:34.883Z] Inicio login: {"email":"cmanuelcasanova@gmail.com","password":"123456"}
[2025-09-03T23:27:35.509Z] Usuario encontrado: {"id":1,"email":"cmanuelcasanova@gmail.com"}
[2025-09-03T23:27:35.663Z] Password match: true
[2025-09-03T23:27:35.689Z] Token generado: "eyJhbGciOiJIUzI1NiIsInR5cCI6IkpXVCJ9.eyJpZCI6MSwiaWF0IjoxNzU2OTQyMDU1LCJleHAiOjE3NTcwMjg0NTV9.C3J2A7pGFJjZ-3DaWozJ3iM9PBdEcfxdokh5-Ab51is"
[2025-09-03T23:27:35.691Z] Cookie enviada: {"userId":1}
[2025-09-03T23:27:35.691Z] Respuesta enviada: {"userId":1}
[2025-09-05T20:44:50.434Z] Inicio login: {"email":"cmanuelcasanova@gmail.com","password":"123456"}
[2025-09-05T20:45:01.533Z] Inicio login: {"email":"cmanuelcasanova@gmail.com","password":"123456"}
[2025-09-05T20:45:01.626Z] Usuario encontrado: {"id":1,"email":"cmanuelcasanova@gmail.com"}
[2025-09-05T20:45:01.770Z] Password match: true
[2025-09-05T20:45:01.776Z] Token generado: "eyJhbGciOiJIUzI1NiIsInR5cCI6IkpXVCJ9.eyJpZCI6MSwiaWF0IjoxNzU3MTA1MTAxLCJleHAiOjE3NTcxOTE1MDF9.h7D7pKYXKOR1aOyth0xeofBIl4xRRLXa3SPwJkr7b7w"
[2025-09-05T20:45:01.777Z] Cookie enviada: {"userId":1}
[2025-09-05T20:45:01.781Z] Respuesta enviada: {"userId":1}
[2025-09-05T20:50:38.068Z] Inicio login: {"email":"cmanuelcasanova@gmail.com","password":"123456"}
[2025-09-05T20:50:38.598Z] Usuario encontrado: {"id":1,"email":"cmanuelcasanova@gmail.com"}
[2025-09-05T20:50:38.809Z] Password match: true
[2025-09-05T20:50:38.812Z] Token generado: "eyJhbGciOiJIUzI1NiIsInR5cCI6IkpXVCJ9.eyJpZCI6MSwiaWF0IjoxNzU3MTA1NDM4LCJleHAiOjE3NTcxOTE4Mzh9.diREalWRjT9g7gP2kRz7fGo0LH1ezR9ak2B48xE4mHs"
[2025-09-05T20:50:38.813Z] Cookie enviada: {"userId":1}
[2025-09-05T20:50:38.829Z] Respuesta enviada: {"userId":1}
[2025-09-06T01:21:37.022Z] Inicio login: {"email":"twiggyucv@hotmail.com","password":"123456"}
[2025-09-06T01:21:50.322Z] Inicio login: {"email":"twiggyucv@hotmail.com","password":"123456"}
[2025-09-06T01:21:50.412Z] Usuario encontrado: {"id":2,"email":"twiggyucv@hotmail.com"}
[2025-09-06T01:21:50.556Z] Password match: true
[2025-09-06T01:21:50.569Z] Token generado: "eyJhbGciOiJIUzI1NiIsInR5cCI6IkpXVCJ9.eyJpZCI6MiwiaWF0IjoxNzU3MTIxNzEwLCJleHAiOjE3NTcyMDgxMTB9.MrIlUp7DrrbAhkXqusEtfcpzVS3GehS5nyvj3sSKxHY"
[2025-09-06T01:21:50.571Z] Cookie enviada: {"userId":2}
[2025-09-06T01:21:50.576Z] Respuesta enviada: {"userId":2}
[2025-09-06T02:00:54.827Z] Inicio login: {"email":"cmanuelcasanova@gmail.com","password":"123456"}
[2025-09-06T02:00:55.447Z] Usuario encontrado: {"id":1,"email":"cmanuelcasanova@gmail.com"}
[2025-09-06T02:00:55.602Z] Password match: true
[2025-09-06T02:00:55.607Z] Token generado: "eyJhbGciOiJIUzI1NiIsInR5cCI6IkpXVCJ9.eyJpZCI6MSwiaWF0IjoxNzU3MTI0MDU1LCJleHAiOjE3NTcyMTA0NTV9.7pu4x8Rt9lzvmYIui3Hf63n81G9kt_WFwMCAnWX55yg"
[2025-09-06T02:00:55.607Z] Cookie enviada: {"userId":1}
[2025-09-06T02:00:55.612Z] Respuesta enviada: {"userId":1}
[2025-09-06T02:15:23.015Z] Inicio login: {"email":"twiggyucv@hotmail.com","password":"123456"}
[2025-09-06T02:15:23.503Z] Usuario encontrado: {"id":2,"email":"twiggyucv@hotmail.com"}
[2025-09-06T02:15:23.628Z] Password match: true
[2025-09-06T02:15:23.643Z] Token generado: "eyJhbGciOiJIUzI1NiIsInR5cCI6IkpXVCJ9.eyJpZCI6MiwiaWF0IjoxNzU3MTI0OTIzLCJleHAiOjE3NTcyMTEzMjN9.1QSUgS9T80g9sVLivIoShB9QrB671hPnuQwwv2tu7XE"
[2025-09-06T02:15:23.643Z] Cookie enviada: {"userId":2}
[2025-09-06T02:15:23.643Z] Respuesta enviada: {"userId":2}
[2025-09-06T02:26:42.039Z] Inicio login: {"email":"cmanuelcasanova@gmail.com","password":"123456"}
[2025-09-06T02:26:42.559Z] Usuario encontrado: {"id":1,"email":"cmanuelcasanova@gmail.com"}
[2025-09-06T02:26:42.684Z] Password match: true
[2025-09-06T02:26:42.689Z] Token generado: "eyJhbGciOiJIUzI1NiIsInR5cCI6IkpXVCJ9.eyJpZCI6MSwiaWF0IjoxNzU3MTI1NjAyLCJleHAiOjE3NTcyMTIwMDJ9.ABr92qtyYAI6xfIsX8dGISzo7S3eVFcQ5tKf0XGjOpM"
[2025-09-06T02:26:42.689Z] Cookie enviada: {"userId":1}
[2025-09-06T02:26:42.689Z] Respuesta enviada: {"userId":1}
[2025-09-06T02:43:58.445Z] Inicio login: {"email":"cmanuelcasanova@gmail.com","password":"123456"}
[2025-09-06T02:43:59.025Z] Usuario encontrado: {"id":1,"email":"cmanuelcasanova@gmail.com"}
[2025-09-06T02:43:59.175Z] Password match: true
[2025-09-06T02:43:59.182Z] Token generado: "eyJhbGciOiJIUzI1NiIsInR5cCI6IkpXVCJ9.eyJpZCI6MSwiaWF0IjoxNzU3MTI2NjM5LCJleHAiOjE3NTcyMTMwMzl9.mOygImJTG7MAXoIWRe2n7gGKNPynkV-dQxWTjxQhlUg"
[2025-09-06T02:43:59.182Z] Cookie enviada: {"userId":1}
[2025-09-06T02:43:59.184Z] Respuesta enviada: {"userId":1}
[2025-09-06T02:51:15.180Z] Inicio login: {"email":"cmanuelcasanova@gmail.com","password":"123456"}
[2025-09-06T02:51:15.655Z] Usuario encontrado: {"id":1,"email":"cmanuelcasanova@gmail.com"}
[2025-09-06T02:51:15.780Z] Password match: true
[2025-09-06T02:51:15.785Z] Token generado: "eyJhbGciOiJIUzI1NiIsInR5cCI6IkpXVCJ9.eyJpZCI6MSwiaWF0IjoxNzU3MTI3MDc1LCJleHAiOjE3NTcyMTM0NzV9.WUwcFPFWJcnXXsZIvZF_fB1feLILlvwpS5YwUyNbmjE"
[2025-09-06T02:51:15.785Z] Cookie enviada: {"userId":1}
[2025-09-06T02:51:15.785Z] Respuesta enviada: {"userId":1}
[2025-09-06T03:52:21.520Z] Inicio login: {"email":"cmanuelcasanova@gmail.com","password":"123456"}
[2025-09-06T03:52:21.999Z] Usuario encontrado: {"id":1,"email":"cmanuelcasanova@gmail.com"}
[2025-09-06T03:52:22.124Z] Password match: true
[2025-09-06T03:52:22.129Z] Token generado: "eyJhbGciOiJIUzI1NiIsInR5cCI6IkpXVCJ9.eyJpZCI6MSwiaWF0IjoxNzU3MTMwNzQyLCJleHAiOjE3NTcyMTcxNDJ9.-fYz4NmuddfhGE8ScYr6lZcb_cw-B9bPovZILF6K5bs"
[2025-09-06T03:52:22.134Z] Cookie enviada: {"userId":1}
[2025-09-06T03:52:22.134Z] Respuesta enviada: {"userId":1}
[2025-09-06T03:55:47.593Z] Inicio login: {"email":"twiggyucv@hotmail.com","password":"123456"}
[2025-09-06T03:55:48.079Z] Usuario encontrado: {"id":2,"email":"twiggyucv@hotmail.com"}
[2025-09-06T03:55:48.204Z] Password match: true
[2025-09-06T03:55:48.209Z] Token generado: "eyJhbGciOiJIUzI1NiIsInR5cCI6IkpXVCJ9.eyJpZCI6MiwiaWF0IjoxNzU3MTMwOTQ4LCJleHAiOjE3NTcyMTczNDh9.5PA6uU2uT9kqrA-cWqB93JoxWKiuUXg2D5Bds2FTZNY"
[2025-09-06T03:55:48.209Z] Cookie enviada: {"userId":2}
[2025-09-06T03:55:48.209Z] Respuesta enviada: {"userId":2}
